[["Call of Duty", "Call of Duty (commonly shortened to CoD) is a first-person video game franchise. Call of Duty is a computer\/video game based on the Quake III Arena engine (id Tech 3), and was released on October 29, 2003. The game was developed by Infinity Ward and published by Activision. The game simulates the infantry and combined arms warfare of World War II."], 
["Civilization", "Civilization is a series of turn-based strategy, 4X video games, many of them produced by Sid Meier. All titles in the series share similar gameplay, centered on building a civilization on a macro-scale from prehistory up to the near future. Each turn allows the player to move his or her units on the map, build or improve new cities and units, and initiate negotiations with the computer-controlled players. The player will also choose technologies to research. These reflect the cultural, intellectual, and technical sophistication of the civilization, and usually allow the player to build new units or to improve their cities with new structures."], 
["Counter Strike", "Counter-Strike is a first-person shooter video game developed by Valve Corporation. It was initially developed and released as a Half-Life modification by Minh \"Gooseman\" Le and Jess \"Cliffe\" Cliffe in 1999, before Le and Cliffe were hired and the game's intellectual property acquired. Set in various locations around the globe, players assume the roles of members of combating teams of the governmental counter-terrorist forces and various terrorist militants opposing them. During each round of gameplay, the two teams are tasked with defeating the other by the means of either achieving the map's objectives, or else eliminating all of the enemy combatants. Each player may customize their arsenal of weapons and accessories at the beginning of every match, with currency being earned after the end of each round."], 
["Crash Bandicoot", "Crash Bandicoot is a platform game by Naughty Dog, first developed on 1996. The protagonist of the series is an anthropomorphic bandicoot named Crash, whose quiet life on the Wumpa Islands is often interrupted by the games' main antagonist, Doctor Neo Cortex, who created Crash and now wants nothing less than his demise. In most games, Crash must defeat Cortex and foil any world domination plans he might have."], 
["DOTA", "Defense of the Ancients (DotA) is a multiplayer online battle arena mod for the video game Warcraft III: Reign of Chaos and its expansion, Warcraft III: The Frozen Throne, based on the \"Aeon of Strife\" map for StarCraft. The scenario objective is for each team to destroy the opponents' Ancient, heavily guarded structures at opposing corners of the map. Players use powerful units known as heroes, and are assisted by allied heroes and AI-controlled fighters. As in role-playing games, players level up their heroes and use gold to buy equipment during the mission."], 
["Defense of the Ancients", "Defense of the Ancients (DotA) is a multiplayer online battle arena mod for the video game Warcraft III: Reign of Chaos and its expansion, Warcraft III: The Frozen Throne, based on the \"Aeon of Strife\" map for StarCraft. The scenario objective is for each team to destroy the opponents' Ancient, heavily guarded structures at opposing corners of the map. Players use powerful units known as heroes, and are assisted by allied heroes and AI-controlled fighters. As in role-playing games, players level up their heroes and use gold to buy equipment during the mission."], 
["Diablo", "Diablo is an action role-playing hack and slash video game developed by Blizzard North and released by Blizzard Entertainment on December 31, 1996. Set in the fictional Kingdom of Khanduras, located in the world of Sanctuary, Diablo has the player take control of a lone hero battling to rid the world of Diablo, the Lord of Terror. Beneath the town of Tristram, the player journeys through sixteen dungeon levels, ultimately entering Hell itself in order to face Diablo."], 
["Dishonored", "Dishonored is a 2012 stealth action-adventure video game developed by Arkane Studios and published by Bethesda Softworks. It was released worldwide in October 2012 for Microsoft Windows, PlayStation 3, and Xbox 360. Set in the fictional, plague-ridden industrial city of Dunwall, Dishonored follows the story of Corvo Attano, bodyguard to the Empress of the Isles. He is framed for her murder and forced to become an assassin, seeking revenge on those who conspired against him. Corvo is aided in his quest by the Loyalists—a resistance group fighting to reclaim Dunwall, and the Outsider—a powerful being who imbues Corvo with magical abilities."], 
["Final Fantasy", "Final Fantasy is a media franchise created by Hironobu Sakaguchi, and is developed and owned by Square Enix (formerly Square). The franchise centers on a series of fantasy and science fantasy role-playing video games (RPGs). Plots center on a group of heroes battling a great evil while exploring the characters' internal struggles and relationships. Character names are frequently derived from the history, languages, pop culture, and mythologies of cultures worldwide."], 
["GTA", "Grand Theft Auto is an action-adventure video game series created by David Jones and Mike Dailly; the later titles of which were created by brothers Dan and Sam Houser, Leslie Benzies and Aaron Garbut. It is primarily developed by Rockstar North (formerly DMA Design), and published by Rockstar Games. The name of the series references the term used in the USA for motor vehicle theft. Gameplay focuses on an open world where the player can choose missions to progress an overall story, as well as engaging in side activities, all consisting of action-adventure, driving, third-person shooting, occasional role-playing, stealth, and racing elements."], 
["Ghost Trick", "Ghost Trick is an adventure-puzzle game by Capcom about the protagonist Sissel, and his ghost's struggle to discover who he was when he was alive and who killed him. The player assumes the role of this ghost, who has the ability to perform various Ghost Tricks to solve puzzles and navigate the world around him."], 
["Grand Theft Auto", "Grand Theft Auto is an action-adventure video game series created by David Jones and Mike Dailly; the later titles of which were created by brothers Dan and Sam Houser, Leslie Benzies and Aaron Garbut. It is primarily developed by Rockstar North (formerly DMA Design), and published by Rockstar Games. The name of the series references the term used in the USA for motor vehicle theft. Gameplay focuses on an open world where the player can choose missions to progress an overall story, as well as engaging in side activities, all consisting of action-adventure, driving, third-person shooting, occasional role-playing, stealth, and racing elements."], 
["Halo", "Halo is a military science fiction first-person shooter video game franchise created by Bungie and now managed and developed by 343 Industries, a subsidiary of Microsoft Studios. The series centers on an interstellar war between humanity and a theocratic alliance of aliens known as the Covenant. The Covenant, led by their religious leaders called the Prophets, worship an ancient civilization known as the Forerunners, who perished in combat with the parasitic Flood. The central focus of the franchise builds off the experiences of Master Chief John-117, one of a group of supersoldiers codenamed Spartans, and his artificial intelligence (AI) companion, Cortana."], 
["Heroes of the Storm", "Heroes of the Storm (Originally titled Blizzard DOTA and later changed to Blizzard All-Stars) is a multiplayer online battle arena video game developed by Blizzard Entertainment for Microsoft Windows and OS X. The game features heroes from Blizzard's franchises including Warcraft, Diablo, and StarCraft. The game uses both free-to-play and freemium models and is supported by micropayments, which can be used to purchase heroes, visual alterations for the heroes in the game and mounts."], 
["Little Big Planet", "LittleBigPlanet is a puzzle platform video game series created by Media Molecule and published by Sony Computer Entertainment. The game takes place in a world known as LittleBigPlanet, sometimes referred to as Craftworld, which was created by the eight curators. Each curator is in charge of a part of LittleBigPlanet and they govern them independently. All games in the series follow the main protagonist Sackboy, (also referred to as Sackgirl; or the gender-neutral alternatives Sackperson, Sack Thing, Sackchum, or Sack) a small, brown, anthropomorphic, humanoid creature made of fabric with a zip fastener and button eyes. "], 
["Pacman", "Pac-Man is an arcade game developed by Namco and first released in Japan on May 22, 1980. The yellow, pie-shaped Pac-Man character, who travels around a maze trying to eat dots and avoid four mean ghosts, quickly became an icon of the 1980s. To this day, Pac-Man remains one of the most popular video games in history."], 
["Portal", "Portal is a 2007 first-person puzzle-platform video game developed by Valve Corporation. The game primarily comprises a series of puzzles that must be solved by teleporting the player's character and simple objects using \"the Aperture Science Handheld Portal Device\", a device that can create inter-spatial portals between two flat planes. The player-character, Chell, is challenged by an artificial intelligence named GLaDOS (Genetic Lifeform and Disk Operating System) to complete each puzzle in the Aperture Science Enrichment Center using the portal gun with the promise of receiving cake when all the puzzles are completed. The game's unique physics allows momentum to be retained through portals, requiring creative use of portals to maneuver through the test chambers."], 
["Professor Layton", "Professor Layton is a puzzle adventure game series for the Nintendo DS and Nintendo 3DS developed by Level-5. Each title is based in a series of puzzles and mysteries given by the citizens of towns that the main characters visit. It is not necessary to solve all the puzzles to progress, but some are mandatory, and at certain points in the game a minimum number of puzzles must be solved before the story can continue."], 
["Ragnarok", "Ragnarök Online, often referred to as RO, is a Korean massive multiplayer online role-playing game or MMORPG created by GRAVITY Co., Ltd. based on the manhwa Ragnarok by Lee Myung-jin. It was first released in South Korea on 31 August 2002 for Microsoft Windows and has since been released in many other locales around the world."], 
["Red Alert", "Command & Conquer: Red Alert is a real-time strategy computer game of the Command & Conquer franchise, produced by Westwood Studios and released by Virgin Interactive in 1996. The second game to bear the \"C&C\" title, Red Alert is the prequel to the original Command & Conquer of 1995, and takes place in the alternate early history of Command & Conquer when Allied Forces battle an aggressive Soviet Union for control over the European mainland."],  
["Resident Evil", "Resident Evil is an action, adventure, horror fiction video game by Capcom. The overarching plot of the series focuses on multiple characters and their roles in recurring outbreaks of zombies and other monsters, initially due to the release of the T-virus, a biological weapon created by the fictional Umbrella Corporation."], 
["RuneScape", "RuneScape is a fantasy massively multiplayer online role-playing game (MMORPG) released in January 2001 and developed and published by Jagex Games Studio. RuneScape takes place in the world of Gielinor, a medieval fantasy realm divided into different kingdoms, regions, and cities. Players can travel throughout Gielinor via a number of methods including on foot, magical spells, or charter ships. Each region offers different types of monsters, resources, and quests to challenge players."], 
["Scribblenauts", "Scribblenauts is an emergent puzzle action video game developed by 5th Cell for the Nintendo DS. The objective of Scribblenauts, as implied by its catchphrase \"Write Anything, Solve Everything\", is to complete puzzles to collect \"Starites\", helped by the player's ability to summon any object (from a database of tens of thousands) by writing its name on the touchscreen."], 
["Starcraft", "StarCraft is a military science fiction real-time strategy video game developed and published by Blizzard Entertainment and released for Microsoft Windows on March 31, 1998. Set in a fictitious timeline during the Earth's 25th century, the game revolves around three species fighting for dominance in a distant part of the Milky Way galaxy known as the Koprulu Sector: the Terrans, humans exiled from Earth skilled at adapting to any situation; the Zerg, a race of insectoid aliens in pursuit of genetic perfection, obsessed with assimilating other races; and the Protoss, a humanoid species with advanced technology and psionic abilities, attempting to preserve their civilization and strict philosophical way of living from the Zerg."], 
["Super Mario Bros.", "Super Mario Bros. is the first of the Super Mario series of games. In Super Mario Bros., the player controls Mario and in a two-player game, a second player controls Mario's brother Luigi as he travels through the Mushroom Kingdom in order to rescue Princess Toadstool from the antagonist Bowser. It is developed on 1985 by Nintendo."], 
["Tetris", "Tetris is a Russian tile-matching puzzle video game, originally designed and programmed by Alexey Pajitnov. It was released on June 6, 1984."], 
["Warcraft", "Warcraft is a franchise of video games, novels, and other media created by Blizzard Entertainment. The series is made up of five core games: Warcraft: Orcs & Humans, Warcraft II: Tides of Darkness, Warcraft III: Reign of Chaos, World of Warcraft, and Hearthstone: Heroes of Warcraft. The first three of these core games are in the real-time strategy genre, where opposing players command virtual armies in battle against each other or a computer-controlled enemy."]
]
